The most recent exit code is: 0
The previous status should have been 0, the next on should as well
The most recent exit code is: 0
