The most recent exit code is: 0
The most recent exit code is: 1
The most recent exit code is: 2
The most recent exit code is: 3
The most recent exit code is: 4
The most recent exit code is: 5
The most recent exit code is: 6
The most recent exit code is: 7
The most recent exit code is: 8
The most recent exit code is: 9
The most recent exit code is: 10
The most recent exit code is: 11
The most recent exit code is: 12
The most recent exit code is: 13
The most recent exit code is: 14
The most recent exit code is: 15
The most recent exit code is: 16
The most recent exit code is: 17
The most recent exit code is: 18
The most recent exit code is: 19
The most recent exit code is: 20
The most recent exit code is: 21
The most recent exit code is: 22
The most recent exit code is: 23
The most recent exit code is: 24
The most recent exit code is: 25
The most recent exit code is: 26
The most recent exit code is: 27
The most recent exit code is: 28
The most recent exit code is: 29
The most recent exit code is: 30
The most recent exit code is: 31
The most recent exit code is: 32
The most recent exit code is: 33
The most recent exit code is: 34
The most recent exit code is: 35
The most recent exit code is: 36
The most recent exit code is: 37
The most recent exit code is: 38
The most recent exit code is: 39
The most recent exit code is: 40
The most recent exit code is: 41
The most recent exit code is: 42
The most recent exit code is: 43
The most recent exit code is: 44
The most recent exit code is: 45
The most recent exit code is: 46
The most recent exit code is: 47
The most recent exit code is: 48
The most recent exit code is: 49
The most recent exit code is: 50
The most recent exit code is: 51
The most recent exit code is: 52
The most recent exit code is: 53
The most recent exit code is: 54
The most recent exit code is: 55
The most recent exit code is: 56
The most recent exit code is: 57
The most recent exit code is: 58
The most recent exit code is: 59
The most recent exit code is: 60
The most recent exit code is: 61
The most recent exit code is: 62
The most recent exit code is: 63
The most recent exit code is: 64
The most recent exit code is: 65
The most recent exit code is: 66
The most recent exit code is: 67
The most recent exit code is: 68
The most recent exit code is: 69
The most recent exit code is: 70
The most recent exit code is: 71
The most recent exit code is: 72
The most recent exit code is: 73
The most recent exit code is: 74
The most recent exit code is: 75
The most recent exit code is: 76
The most recent exit code is: 77
The most recent exit code is: 78
The most recent exit code is: 79
The most recent exit code is: 80
The most recent exit code is: 81
The most recent exit code is: 82
The most recent exit code is: 83
The most recent exit code is: 84
The most recent exit code is: 85
The most recent exit code is: 86
The most recent exit code is: 87
The most recent exit code is: 88
The most recent exit code is: 89
The most recent exit code is: 90
The most recent exit code is: 91
The most recent exit code is: 92
The most recent exit code is: 93
The most recent exit code is: 94
The most recent exit code is: 95
The most recent exit code is: 96
The most recent exit code is: 97
The most recent exit code is: 98
The most recent exit code is: 99
The most recent exit code is: 100
The most recent exit code is: 101
The most recent exit code is: 102
The most recent exit code is: 103
The most recent exit code is: 104
The most recent exit code is: 105
The most recent exit code is: 106
The most recent exit code is: 107
The most recent exit code is: 108
The most recent exit code is: 109
The most recent exit code is: 110
The most recent exit code is: 111
The most recent exit code is: 112
The most recent exit code is: 113
The most recent exit code is: 114
The most recent exit code is: 115
The most recent exit code is: 116
The most recent exit code is: 117
The most recent exit code is: 118
The most recent exit code is: 119
The most recent exit code is: 120
The most recent exit code is: 121
The most recent exit code is: 122
The most recent exit code is: 123
The most recent exit code is: 124
The most recent exit code is: 125
The most recent exit code is: 126
The most recent exit code is: 127
The most recent exit code is: 128
The most recent exit code is: 129
The most recent exit code is: 130
The most recent exit code is: 131
The most recent exit code is: 132
The most recent exit code is: 133
The most recent exit code is: 134
The most recent exit code is: 135
The most recent exit code is: 136
The most recent exit code is: 137
The most recent exit code is: 138
The most recent exit code is: 139
The most recent exit code is: 140
The most recent exit code is: 141
The most recent exit code is: 142
The most recent exit code is: 143
The most recent exit code is: 144
The most recent exit code is: 145
The most recent exit code is: 146
The most recent exit code is: 147
The most recent exit code is: 148
The most recent exit code is: 149
The most recent exit code is: 150
The most recent exit code is: 151
The most recent exit code is: 152
The most recent exit code is: 153
The most recent exit code is: 154
The most recent exit code is: 155
The most recent exit code is: 156
The most recent exit code is: 157
The most recent exit code is: 158
The most recent exit code is: 159
The most recent exit code is: 160
The most recent exit code is: 161
The most recent exit code is: 162
The most recent exit code is: 163
The most recent exit code is: 164
The most recent exit code is: 165
The most recent exit code is: 166
The most recent exit code is: 167
The most recent exit code is: 168
The most recent exit code is: 169
The most recent exit code is: 170
The most recent exit code is: 171
The most recent exit code is: 172
The most recent exit code is: 173
The most recent exit code is: 174
The most recent exit code is: 175
The most recent exit code is: 176
The most recent exit code is: 177
The most recent exit code is: 178
The most recent exit code is: 179
The most recent exit code is: 180
The most recent exit code is: 181
The most recent exit code is: 182
The most recent exit code is: 183
The most recent exit code is: 184
The most recent exit code is: 185
The most recent exit code is: 186
The most recent exit code is: 187
The most recent exit code is: 188
The most recent exit code is: 189
The most recent exit code is: 190
The most recent exit code is: 191
The most recent exit code is: 192
The most recent exit code is: 193
The most recent exit code is: 194
The most recent exit code is: 195
The most recent exit code is: 196
The most recent exit code is: 197
The most recent exit code is: 198
The most recent exit code is: 199
The most recent exit code is: 200
The most recent exit code is: 201
The most recent exit code is: 202
The most recent exit code is: 203
The most recent exit code is: 204
The most recent exit code is: 205
The most recent exit code is: 206
The most recent exit code is: 207
The most recent exit code is: 208
The most recent exit code is: 209
The most recent exit code is: 210
The most recent exit code is: 211
The most recent exit code is: 212
The most recent exit code is: 213
The most recent exit code is: 214
The most recent exit code is: 215
The most recent exit code is: 216
The most recent exit code is: 217
The most recent exit code is: 218
The most recent exit code is: 219
The most recent exit code is: 220
The most recent exit code is: 221
The most recent exit code is: 222
The most recent exit code is: 223
The most recent exit code is: 224
The most recent exit code is: 225
The most recent exit code is: 226
The most recent exit code is: 227
The most recent exit code is: 228
The most recent exit code is: 229
The most recent exit code is: 230
The most recent exit code is: 231
The most recent exit code is: 232
The most recent exit code is: 233
The most recent exit code is: 234
The most recent exit code is: 235
The most recent exit code is: 236
The most recent exit code is: 237
The most recent exit code is: 238
The most recent exit code is: 239
The most recent exit code is: 240
The most recent exit code is: 241
The most recent exit code is: 242
The most recent exit code is: 243
The most recent exit code is: 244
The most recent exit code is: 245
The most recent exit code is: 246
The most recent exit code is: 247
The most recent exit code is: 248
The most recent exit code is: 249
The most recent exit code is: 250
The most recent exit code is: 251
The most recent exit code is: 252
The most recent exit code is: 253
The most recent exit code is: 254
The most recent exit code is: 255
The most recent exit code is: 0
The most recent exit code is: 1
The most recent exit code is: 2
The most recent exit code is: 3
The most recent exit code is: 4
