The most recent exit code is: 1
The most recent exit code is: 1
