Error: command not found!
The most recent exit code is: 127
Error: invalid syntax!
The most recent exit code is: 127
